2026-08-22T20:51:32.692+05:30  INFO 20108 --- [nexus] [restartedMain] com.example.nexus.NexusApplication       : Starting NexusApplication using Java 21.0.9 with PID 20108 (D:\Sid'\nexus\Nexus\target\classes started by Avi in D:\Sid'\nexus\Nexus)
2026-08-22T20:51:32.706+05:30  INFO 20108 --- [nexus] [restartedMain] com.example.nexus.NexusApplication       : No active profile set, falling back to 1 default profile: "default"
2026-08-22T20:51:45.514+05:30  INFO 20108 --- [nexus] [restartedMain] com.example.nexus.NexusApplication       : Started NexusApplication in 14.119 seconds (process running for 15.607)
2026-08-22T20:52:20.660+05:30  INFO 20108 --- [nexus] [http-nio-8080-exec-3] com.example.nexus.OrderController        : /restaurantDetails hit : idli, latitude: 101.65212, longitude: 701.157944
2026-08-22T20:52:20.796+05:30  INFO 20108 --- [nexus] [http-nio-8080-exec-3] com.example.nexus.OrderService           : Order created, id: 09898b90-21f6-475d-bb4c-043ecbe11e0e, restuarntCell: 89055a60ecfffff
2026-08-22T20:52:20.810+05:30  INFO 20108 --- [nexus] [http-nio-8080-exec-3] com.example.nexus.kafka.OrderProducer    : Order published toorder-details, id: 09898b90-21f6-475d-bb4c-043ecbe11e0e
2026-08-22T20:52:20.838+05:30  INFO 20108 --- [nexus] [org.springframework.kafka.KafkaListenerEndpointContainer#1-0-C-1] com.example.nexus.kafka.OrderConsumer    : Order consumed by kafka-consumer, id: 09898b90-21f6-475d-bb4c-043ecbe11e0e
2026-08-22T21:10:53.251+05:30  INFO 20108 --- [nexus] [http-nio-8080-exec-5] com.example.nexus.OrderController        : /restaurantDetails hit : idli, latitude: 101.65212, longitude: 701.157944
2026-08-22T21:10:53.366+05:30  INFO 20108 --- [nexus] [http-nio-8080-exec-5] com.example.nexus.OrderService           : Order created, id: 2b425511-a1cb-4db4-9cff-430cdc07d9b2, restuarntCell: 89055a60ecfffff
2026-08-22T21:10:53.404+05:30  INFO 20108 --- [nexus] [http-nio-8080-exec-5] com.example.nexus.kafka.OrderProducer    : Order published to order-details, id: 2b425511-a1cb-4db4-9cff-430cdc07d9b2
2026-08-22T21:10:53.487+05:30  INFO 20108 --- [nexus] [org.springframework.kafka.KafkaListenerEndpointContainer#1-0-C-1] com.example.nexus.kafka.OrderConsumer    : Order consumed by kafka-consumer, id: 2b425511-a1cb-4db4-9cff-430cdc07d9b2
2026-08-22T21:11:36.156+05:30  INFO 21060 --- [nexus] [restartedMain] com.example.nexus.NexusApplication       : Starting NexusApplication using Java 21.0.9 with PID 21060 (D:\Sid'\nexus\Nexus\target\classes started by Avi in D:\Sid'\nexus\Nexus)
2026-08-22T21:11:36.172+05:30  INFO 21060 --- [nexus] [restartedMain] com.example.nexus.NexusApplication       : No active profile set, falling back to 1 default profile: "default"
2026-08-22T21:11:50.679+05:30  INFO 21060 --- [nexus] [restartedMain] com.example.nexus.NexusApplication       : Started NexusApplication in 15.706 seconds (process running for 17.279)
2026-08-22T21:12:36.953+05:30  INFO 21060 --- [nexus] [http-nio-8080-exec-2] com.example.nexus.OrderController        : /restaurantDetails hit : idli, latitude: 101.65212, longitude: 701.157944
2026-08-22T21:12:37.133+05:30  INFO 21060 --- [nexus] [http-nio-8080-exec-2] com.example.nexus.OrderService           : Order created, id: d62cbb00-cc56-4ae4-af52-2c169984ecf9, restuarntCell: 89055a60ecfffff
2026-08-22T21:12:37.357+05:30  INFO 21060 --- [nexus] [http-nio-8080-exec-2] com.example.nexus.kafka.OrderProducer    : Order published to order-details, id: d62cbb00-cc56-4ae4-af52-2c169984ecf9
2026-08-22T21:12:37.431+05:30  INFO 21060 --- [nexus] [org.springframework.kafka.KafkaListenerEndpointContainer#1-0-C-1] com.example.nexus.kafka.OrderConsumer    : Order consumed by kafka-consumer, id: d62cbb00-cc56-4ae4-af52-2c169984ecf9
2026-08-22T21:12:37.432+05:30  INFO 21060 --- [nexus] [org.springframework.kafka.KafkaListenerEndpointContainer#1-0-C-1] com.example.nexus.h3.MatchingEngine      : Matching order d62cbb00-cc56-4ae4-af52-2c169984ecf9 at H3 cell 89055a60ecfffff
2026-08-22T21:12:37.434+05:30  INFO 21060 --- [nexus] [org.springframework.kafka.KafkaListenerEndpointContainer#1-0-C-1] com.example.nexus.h3.MatchingEngine      : Ring 1 contains 7 cells
2026-08-22T21:12:39.039+05:30  INFO 21060 --- [nexus] [org.springframework.kafka.KafkaListenerEndpointContainer#1-0-C-1] com.example.nexus.h3.MatchingEngine      : Checking cell 89055a60ecfffff, candidates: []
2026-08-22T21:12:39.042+05:30  INFO 21060 --- [nexus] [org.springframework.kafka.KafkaListenerEndpointContainer#1-0-C-1] com.example.nexus.h3.MatchingEngine      : Checking cell 89055a60ecbffff, candidates: []
2026-08-22T21:12:39.044+05:30  INFO 21060 --- [nexus] [org.springframework.kafka.KafkaListenerEndpointContainer#1-0-C-1] com.example.nexus.h3.MatchingEngine      : Checking cell 89055a60e53ffff, candidates: []
2026-08-22T21:12:39.046+05:30  INFO 21060 --- [nexus] [org.springframework.kafka.KafkaListenerEndpointContainer#1-0-C-1] com.example.nexus.h3.MatchingEngine      : Checking cell 89055a60e57ffff, candidates: []
2026-08-22T21:12:39.048+05:30  INFO 21060 --- [nexus] [org.springframework.kafka.KafkaListenerEndpointContainer#1-0-C-1] com.example.nexus.h3.MatchingEngine      : Checking cell 89055a60e1bffff, candidates: []
2026-08-22T21:12:39.050+05:30  INFO 21060 --- [nexus] [org.springframework.kafka.KafkaListenerEndpointContainer#1-0-C-1] com.example.nexus.h3.MatchingEngine      : Checking cell 89055a60ec7ffff, candidates: []
2026-08-22T21:12:39.054+05:30  INFO 21060 --- [nexus] [org.springframework.kafka.KafkaListenerEndpointContainer#1-0-C-1] com.example.nexus.h3.MatchingEngine      : Checking cell 89055a60ec3ffff, candidates: []
2026-08-22T21:12:39.566+05:30  INFO 21060 --- [nexus] [org.springframework.kafka.KafkaListenerEndpointContainer#1-0-C-1] com.example.nexus.h3.MatchingEngine      : Ring 2 contains 19 cells
2026-08-22T21:12:39.567+05:30  INFO 21060 --- [nexus] [org.springframework.kafka.KafkaListenerEndpointContainer#1-0-C-1] com.example.nexus.h3.MatchingEngine      : Checking cell 89055a60ecfffff, candidates: []
2026-08-22T21:12:39.569+05:30  INFO 21060 --- [nexus] [org.springframework.kafka.KafkaListenerEndpointContainer#1-0-C-1] com.example.nexus.h3.MatchingEngine      : Checking cell 89055a60ecbffff, candidates: []
2026-08-22T21:12:39.570+05:30  INFO 21060 --- [nexus] [org.springframework.kafka.KafkaListenerEndpointContainer#1-0-C-1] com.example.nexus.h3.MatchingEngine      : Checking cell 89055a60e53ffff, candidates: []
2026-08-22T21:12:39.571+05:30  INFO 21060 --- [nexus] [org.springframework.kafka.KafkaListenerEndpointContainer#1-0-C-1] com.example.nexus.h3.MatchingEngine      : Checking cell 89055a60e57ffff, candidates: []
2026-08-22T21:12:39.573+05:30  INFO 21060 --- [nexus] [org.springframework.kafka.KafkaListenerEndpointContainer#1-0-C-1] com.example.nexus.h3.MatchingEngine      : Checking cell 89055a60e1bffff, candidates: []
2026-08-22T21:12:39.574+05:30  INFO 21060 --- [nexus] [org.springframework.kafka.KafkaListenerEndpointContainer#1-0-C-1] com.example.nexus.h3.MatchingEngine      : Checking cell 89055a60ec7ffff, candidates: []
2026-08-22T21:12:39.575+05:30  INFO 21060 --- [nexus] [org.springframework.kafka.KafkaListenerEndpointContainer#1-0-C-1] com.example.nexus.h3.MatchingEngine      : Checking cell 89055a60ec3ffff, candidates: []
2026-08-22T21:12:39.576+05:30  INFO 21060 --- [nexus] [org.springframework.kafka.KafkaListenerEndpointContainer#1-0-C-1] com.example.nexus.h3.MatchingEngine      : Checking cell 89055a60edbffff, candidates: []
2026-08-22T21:12:39.577+05:30  INFO 21060 --- [nexus] [org.springframework.kafka.KafkaListenerEndpointContainer#1-0-C-1] com.example.nexus.h3.MatchingEngine      : Checking cell 89055a60337ffff, candidates: []
2026-08-22T21:12:39.579+05:30  INFO 21060 --- [nexus] [org.springframework.kafka.KafkaListenerEndpointContainer#1-0-C-1] com.example.nexus.h3.MatchingEngine      : Checking cell 89055a60327ffff, candidates: []
2026-08-22T21:12:39.580+05:30  INFO 21060 --- [nexus] [org.springframework.kafka.KafkaListenerEndpointContainer#1-0-C-1] com.example.nexus.h3.MatchingEngine      : Checking cell 89055a60e5bffff, candidates: []
2026-08-22T21:12:39.581+05:30  INFO 21060 --- [nexus] [org.springframework.kafka.KafkaListenerEndpointContainer#1-0-C-1] com.example.nexus.h3.MatchingEngine      : Checking cell 89055a60e43ffff, candidates: []
2026-08-22T21:12:39.582+05:30  INFO 21060 --- [nexus] [org.springframework.kafka.KafkaListenerEndpointContainer#1-0-C-1] com.example.nexus.h3.MatchingEngine      : Checking cell 89055a60e47ffff, candidates: []
2026-08-22T21:12:39.583+05:30  INFO 21060 --- [nexus] [org.springframework.kafka.KafkaListenerEndpointContainer#1-0-C-1] com.example.nexus.h3.MatchingEngine      : Checking cell 89055a60e0bffff, candidates: []
2026-08-22T21:12:39.585+05:30  INFO 21060 --- [nexus] [org.springframework.kafka.KafkaListenerEndpointContainer#1-0-C-1] com.example.nexus.h3.MatchingEngine      : Checking cell 89055a60e03ffff, candidates: []
2026-08-22T21:12:39.586+05:30  INFO 21060 --- [nexus] [org.springframework.kafka.KafkaListenerEndpointContainer#1-0-C-1] com.example.nexus.h3.MatchingEngine      : Checking cell 89055a60e13ffff, candidates: []
2026-08-22T21:12:39.588+05:30  INFO 21060 --- [nexus] [org.springframework.kafka.KafkaListenerEndpointContainer#1-0-C-1] com.example.nexus.h3.MatchingEngine      : Checking cell 89055a60e8bffff, candidates: []
2026-08-22T21:12:39.589+05:30  INFO 21060 --- [nexus] [org.springframework.kafka.KafkaListenerEndpointContainer#1-0-C-1] com.example.nexus.h3.MatchingEngine      : Checking cell 89055a60ed7ffff, candidates: []
2026-08-22T21:12:39.590+05:30  INFO 21060 --- [nexus] [org.springframework.kafka.KafkaListenerEndpointContainer#1-0-C-1] com.example.nexus.h3.MatchingEngine      : Checking cell 89055a60ed3ffff, candidates: []
2026-08-22T21:12:40.094+05:30  INFO 21060 --- [nexus] [org.springframework.kafka.KafkaListenerEndpointContainer#1-0-C-1] com.example.nexus.h3.MatchingEngine      : Ring 3 contains 37 cells
2026-08-22T21:12:40.095+05:30  INFO 21060 --- [nexus] [org.springframework.kafka.KafkaListenerEndpointContainer#1-0-C-1] com.example.nexus.h3.MatchingEngine      : Checking cell 89055a60ecfffff, candidates: []
2026-08-22T21:12:40.097+05:30  INFO 21060 --- [nexus] [org.springframework.kafka.KafkaListenerEndpointContainer#1-0-C-1] com.example.nexus.h3.MatchingEngine      : Checking cell 89055a60ecbffff, candidates: []
2026-08-22T21:12:40.098+05:30  INFO 21060 --- [nexus] [org.springframework.kafka.KafkaListenerEndpointContainer#1-0-C-1] com.example.nexus.h3.MatchingEngine      : Checking cell 89055a60e53ffff, candidates: []
2026-08-22T21:12:40.099+05:30  INFO 21060 --- [nexus] [org.springframework.kafka.KafkaListenerEndpointContainer#1-0-C-1] com.example.nexus.h3.MatchingEngine      : Checking cell 89055a60e57ffff, candidates: []
2026-08-22T21:12:40.100+05:30  INFO 21060 --- [nexus] [org.springframework.kafka.KafkaListenerEndpointContainer#1-0-C-1] com.example.nexus.h3.MatchingEngine      : Checking cell 89055a60e1bffff, candidates: []
2026-08-22T21:12:40.102+05:30  INFO 21060 --- [nexus] [org.springframework.kafka.KafkaListenerEndpointContainer#1-0-C-1] com.example.nexus.h3.MatchingEngine      : Checking cell 89055a60ec7ffff, candidates: []
2026-08-22T21:12:40.103+05:30  INFO 21060 --- [nexus] [org.springframework.kafka.KafkaListenerEndpointContainer#1-0-C-1] com.example.nexus.h3.MatchingEngine      : Checking cell 89055a60ec3ffff, candidates: []
2026-08-22T21:12:40.104+05:30  INFO 21060 --- [nexus] [org.springframework.kafka.KafkaListenerEndpointContainer#1-0-C-1] com.example.nexus.h3.MatchingEngine      : Checking cell 89055a60edbffff, candidates: []
2026-08-22T21:12:40.106+05:30  INFO 21060 --- [nexus] [org.springframework.kafka.KafkaListenerEndpointContainer#1-0-C-1] com.example.nexus.h3.MatchingEngine      : Checking cell 89055a60337ffff, candidates: []
2026-08-22T21:12:40.107+05:30  INFO 21060 --- [nexus] [org.springframework.kafka.KafkaListenerEndpointContainer#1-0-C-1] com.example.nexus.h3.MatchingEngine      : Checking cell 89055a60327ffff, candidates: []
2026-08-22T21:12:40.108+05:30  INFO 21060 --- [nexus] [org.springframework.kafka.KafkaListenerEndpointContainer#1-0-C-1] com.example.nexus.h3.MatchingEngine      : Checking cell 89055a60e5bffff, candidates: []
2026-08-22T21:12:40.109+05:30  INFO 21060 --- [nexus] [org.springframework.kafka.KafkaListenerEndpointContainer#1-0-C-1] com.example.nexus.h3.MatchingEngine      : Checking cell 89055a60e43ffff, candidates: []
2026-08-22T21:12:40.110+05:30  INFO 21060 --- [nexus] [org.springframework.kafka.KafkaListenerEndpointContainer#1-0-C-1] com.example.nexus.h3.MatchingEngine      : Checking cell 89055a60e47ffff, candidates: []
2026-08-22T21:12:40.112+05:30  INFO 21060 --- [nexus] [org.springframework.kafka.KafkaListenerEndpointContainer#1-0-C-1] com.example.nexus.h3.MatchingEngine      : Checking cell 89055a60e0bffff, candidates: []
2026-08-22T21:12:40.114+05:30  INFO 21060 --- [nexus] [org.springframework.kafka.KafkaListenerEndpointContainer#1-0-C-1] com.example.nexus.h3.MatchingEngine      : Checking cell 89055a60e03ffff, candidates: []
2026-08-22T21:12:40.115+05:30  INFO 21060 --- [nexus] [org.springframework.kafka.KafkaListenerEndpointContainer#1-0-C-1] com.example.nexus.h3.MatchingEngine      : Checking cell 89055a60e13ffff, candidates: []
2026-08-22T21:12:40.117+05:30  INFO 21060 --- [nexus] [org.springframework.kafka.KafkaListenerEndpointContainer#1-0-C-1] com.example.nexus.h3.MatchingEngine      : Checking cell 89055a60e8bffff, candidates: []
2026-08-22T21:12:40.118+05:30  INFO 21060 --- [nexus] [org.springframework.kafka.KafkaListenerEndpointContainer#1-0-C-1] com.example.nexus.h3.MatchingEngine      : Checking cell 89055a60ed7ffff, candidates: []
2026-08-22T21:12:40.120+05:30  INFO 21060 --- [nexus] [org.springframework.kafka.KafkaListenerEndpointContainer#1-0-C-1] com.example.nexus.h3.MatchingEngine      : Checking cell 89055a60ed3ffff, candidates: []
2026-08-22T21:12:40.121+05:30  INFO 21060 --- [nexus] [org.springframework.kafka.KafkaListenerEndpointContainer#1-0-C-1] com.example.nexus.h3.MatchingEngine      : Checking cell 89055a603a7ffff, candidates: []
2026-08-22T21:12:40.122+05:30  INFO 21060 --- [nexus] [org.springframework.kafka.KafkaListenerEndpointContainer#1-0-C-1] com.example.nexus.h3.MatchingEngine      : Checking cell 89055a603afffff, candidates: []
2026-08-22T21:12:40.124+05:30  INFO 21060 --- [nexus] [org.springframework.kafka.KafkaListenerEndpointContainer#1-0-C-1] com.example.nexus.h3.MatchingEngine      : Checking cell 89055a60333ffff, candidates: []
2026-08-22T21:12:40.126+05:30  INFO 21060 --- [nexus] [org.springframework.kafka.KafkaListenerEndpointContainer#1-0-C-1] com.example.nexus.h3.MatchingEngine      : Checking cell 89055a60323ffff, candidates: []
2026-08-22T21:12:40.127+05:30  INFO 21060 --- [nexus] [org.springframework.kafka.KafkaListenerEndpointContainer#1-0-C-1] com.example.nexus.h3.MatchingEngine      : Checking cell 89055a6032fffff, candidates: []
2026-08-22T21:12:40.128+05:30  INFO 21060 --- [nexus] [org.springframework.kafka.KafkaListenerEndpointContainer#1-0-C-1] com.example.nexus.h3.MatchingEngine      : Checking cell 89055a61d97ffff, candidates: []
2026-08-22T21:12:40.129+05:30  INFO 21060 --- [nexus] [org.springframework.kafka.KafkaListenerEndpointContainer#1-0-C-1] com.example.nexus.h3.MatchingEngine      : Checking cell 89055a60e4bffff, candidates: []
2026-08-22T21:12:40.131+05:30  INFO 21060 --- [nexus] [org.springframework.kafka.KafkaListenerEndpointContainer#1-0-C-1] com.example.nexus.h3.MatchingEngine      : Checking cell 89055a60e4fffff, candidates: []
2026-08-22T21:12:40.132+05:30  INFO 21060 --- [nexus] [org.springframework.kafka.KafkaListenerEndpointContainer#1-0-C-1] com.example.nexus.h3.MatchingEngine      : Checking cell 89055a60e7bffff, candidates: []
2026-08-22T21:12:40.133+05:30  INFO 21060 --- [nexus] [org.springframework.kafka.KafkaListenerEndpointContainer#1-0-C-1] com.example.nexus.h3.MatchingEngine      : Checking cell 89055a60e73ffff, candidates: []
2026-08-22T21:12:40.134+05:30  INFO 21060 --- [nexus] [org.springframework.kafka.KafkaListenerEndpointContainer#1-0-C-1] com.example.nexus.h3.MatchingEngine      : Checking cell 89055a60e0fffff, candidates: []
2026-08-22T21:12:40.136+05:30  INFO 21060 --- [nexus] [org.springframework.kafka.KafkaListenerEndpointContainer#1-0-C-1] com.example.nexus.h3.MatchingEngine      : Checking cell 89055a60e07ffff, candidates: []
2026-08-22T21:12:40.137+05:30  INFO 21060 --- [nexus] [org.springframework.kafka.KafkaListenerEndpointContainer#1-0-C-1] com.example.nexus.h3.MatchingEngine      : Checking cell 89055a60e17ffff, candidates: []
2026-08-22T21:12:40.138+05:30  INFO 21060 --- [nexus] [org.springframework.kafka.KafkaListenerEndpointContainer#1-0-C-1] com.example.nexus.h3.MatchingEngine      : Checking cell 89055a60e8fffff, candidates: []
2026-08-22T21:12:40.139+05:30  INFO 21060 --- [nexus] [org.springframework.kafka.KafkaListenerEndpointContainer#1-0-C-1] com.example.nexus.h3.MatchingEngine      : Checking cell 89055a60e83ffff, candidates: []
2026-08-22T21:12:40.140+05:30  INFO 21060 --- [nexus] [org.springframework.kafka.KafkaListenerEndpointContainer#1-0-C-1] com.example.nexus.h3.MatchingEngine      : Checking cell 89055a60e9bffff, candidates: []
2026-08-22T21:12:40.142+05:30  INFO 21060 --- [nexus] [org.springframework.kafka.KafkaListenerEndpointContainer#1-0-C-1] com.example.nexus.h3.MatchingEngine      : Checking cell 89055a6016fffff, candidates: []
2026-08-22T21:12:40.143+05:30  INFO 21060 --- [nexus] [org.springframework.kafka.KafkaListenerEndpointContainer#1-0-C-1] com.example.nexus.h3.MatchingEngine      : Checking cell 89055a6016bffff, candidates: []
2026-08-22T21:12:40.143+05:30  INFO 21060 --- [nexus] [org.springframework.kafka.KafkaListenerEndpointContainer#1-0-C-1] com.example.nexus.h3.MatchingEngine      : No rider found for order d62cbb00-cc56-4ae4-af52-2c169984ecf9
2026-08-22T21:17:27.355+05:30  INFO 27544 --- [nexus] [restartedMain] com.example.nexus.NexusApplication       : Starting NexusApplication using Java 21.0.9 with PID 27544 (D:\Sid'\nexus\Nexus\target\classes started by Avi in D:\Sid'\nexus\Nexus)
2026-08-22T21:17:27.364+05:30  INFO 27544 --- [nexus] [restartedMain] com.example.nexus.NexusApplication       : No active profile set, falling back to 1 default profile: "default"
2026-08-22T21:17:39.172+05:30  INFO 27544 --- [nexus] [restartedMain] com.example.nexus.NexusApplication       : Started NexusApplication in 12.956 seconds (process running for 14.348)
2026-08-22T21:17:52.406+05:30  INFO 27544 --- [nexus] [http-nio-8080-exec-2] com.example.nexus.OrderController        : /restaurantDetails hit : idli, latitude: 101.65212, longitude: 701.157944
2026-08-22T21:17:52.688+05:30  INFO 27544 --- [nexus] [http-nio-8080-exec-2] com.example.nexus.OrderService           : Order created, id: 3af19f37-4112-4ec9-90f5-d0e1415d31fc, restuarntCell: 89055a60ecfffff
2026-08-22T21:17:53.015+05:30  INFO 27544 --- [nexus] [http-nio-8080-exec-2] com.example.nexus.kafka.OrderProducer    : Order published to order-details, id: 3af19f37-4112-4ec9-90f5-d0e1415d31fc
2026-08-22T21:17:53.166+05:30  INFO 27544 --- [nexus] [org.springframework.kafka.KafkaListenerEndpointContainer#1-0-C-1] com.example.nexus.kafka.OrderConsumer    : Order consumed by kafka-consumer, id: 3af19f37-4112-4ec9-90f5-d0e1415d31fc
2026-08-22T21:17:53.167+05:30  INFO 27544 --- [nexus] [org.springframework.kafka.KafkaListenerEndpointContainer#1-0-C-1] com.example.nexus.h3.MatchingEngine      : Matching order 3af19f37-4112-4ec9-90f5-d0e1415d31fc at H3 cell 89055a60ecfffff
2026-08-22T21:17:53.170+05:30  INFO 27544 --- [nexus] [org.springframework.kafka.KafkaListenerEndpointContainer#1-0-C-1] com.example.nexus.h3.MatchingEngine      : Ring 1 contains 7 cells
2026-08-22T21:17:54.623+05:30  INFO 27544 --- [nexus] [org.springframework.kafka.KafkaListenerEndpointContainer#1-0-C-1] com.example.nexus.h3.MatchingEngine      : Checking cell 89055a60ecfffff, candidates: [1]
2026-08-22T21:17:54.624+05:30  INFO 27544 --- [nexus] [org.springframework.kafka.KafkaListenerEndpointContainer#1-0-C-1] com.example.nexus.h3.MatchingEngine      : Trying to claim rider 1
2026-08-22T21:17:54.730+05:30  INFO 27544 --- [nexus] [org.springframework.kafka.KafkaListenerEndpointContainer#1-0-C-1] com.example.nexus.h3.MatchingEngine      : Claim result for rider 1 = true
2026-08-22T21:17:54.731+05:30  INFO 27544 --- [nexus] [org.springframework.kafka.KafkaListenerEndpointContainer#1-0-C-1] com.example.nexus.h3.MatchingEngine      : Rider 1 claimed for order 3af19f37-4112-4ec9-90f5-d0e1415d31fc
